E0423
E0599
cannot initialize a tuple struct which contains private fields
no function or associated item named `new` found for struct `EnterCommitTracker`
this method takes 0 arguments but 1 argument was supplied
no function or associated item named `from_token` found for struct `CqMutationWitness`
