E0451
field `table_id` of struct `TerminalApplication` is private
field `slot_index` of struct `TerminalApplication` is private
field `birth_session_epoch` of struct `TerminalApplication` is private
field `birth_generation` of struct `TerminalApplication` is private
field `terminal_wire_session_epoch` of struct `TerminalApplication` is private
field `terminal_req_id` of struct `TerminalApplication` is private
field `pending` of struct `TerminalApplication` is private
